******************************************************************************
                  TI ARM Linker PC v20.2.5                     
******************************************************************************
>> Linked Tue May 18 18:04:47 2021

OUTPUT FILE NAME:   <Proyecto4.out>
ENTRY POINT SYMBOL: "_c_int00_noargs"  address: 00000911


MEMORY CONFIGURATION

         name            origin    length      used     unused   attr    fill
----------------------  --------  ---------  --------  --------  ----  --------
  FLASH                 00000000   00040000  00000b36  0003f4ca  R  X
  SRAM                  20000000   00008000  00000204  00007dfc  RW X


SEGMENT ALLOCATION MAP

run origin  load origin   length   init length attrs members
----------  ----------- ---------- ----------- ----- -------
00000000    00000000    00000b38   00000b38    r-x
  00000000    00000000    0000026c   0000026c    r-- .intvecs
  0000026c    0000026c    000007b6   000007b6    r-x .text
  00000a24    00000a24    000000fc   000000fc    r-- .const
  00000b20    00000b20    00000018   00000018    r-- .cinit
20000000    20000000    00000204   00000000    rw-
  20000000    20000000    00000200   00000000    rw- .stack
  20000200    20000200    00000004   00000000    rw- .data


SECTION ALLOCATION MAP

 output                                  attributes/
section   page    origin      length       input sections
--------  ----  ----------  ----------   ----------------
.intvecs   0    00000000    0000026c     
                  00000000    0000026c     tm4c123gh6pm_startup_ccs.obj (.intvecs)

.text      0    0000026c    000007b6     
                  0000026c    00000160     main.obj (.text)
                  000003cc    00000132     driverlib.lib : gpio.obj (.text:GPIOPadConfigSet)
                  000004fe    00000002     --HOLE-- [fill = 0]
                  00000500    00000110                   : sysctl.obj (.text:SysCtlClockGet)
                  00000610    000000f4                   : sysctl.obj (.text:SysCtlClockSet)
                  00000704    0000009c     rtsv7M4_T_le_v4SPD16_eabi.lib : memcpy_t2.asm.obj (.text)
                  000007a0    00000068                                   : copy_decompress_lzss.c.obj (.text:decompress:lzss:__TI_decompress_lzss)
                  00000808    00000048     driverlib.lib : gpio.obj (.text:GPIOPinConfigure)
                  00000850    00000046                   : uart.obj (.text:UARTConfigSetExpClk)
                  00000896    00000002     --HOLE-- [fill = 0]
                  00000898    00000044     rtsv7M4_T_le_v4SPD16_eabi.lib : autoinit.c.obj (.text:__TI_auto_init_nobinit_nopinit:__TI_auto_init_nobinit_nopinit)
                  000008dc    00000034     driverlib.lib : sysctl.obj (.text:SysCtlPeripheralEnable)
                  00000910    00000034     rtsv7M4_T_le_v4SPD16_eabi.lib : boot_cortex_m.c.obj (.text:_c_int00_noargs:_c_int00_noargs)
                  00000944    0000002a     driverlib.lib : gpio.obj (.text:GPIODirModeSet)
                  0000096e    00000002     --HOLE-- [fill = 0]
                  00000970    00000020                   : uart.obj (.text:UARTDisable)
                  00000990    00000018                   : gpio.obj (.text:GPIOPinTypeGPIOOutput)
                  000009a8    00000014                   : uart.obj (.text:UARTEnable)
                  000009bc    00000012                   : gpio.obj (.text:GPIOPinTypeGPIOInput)
                  000009ce    00000012                   : gpio.obj (.text:GPIOPinTypeUART)
                  000009e0    0000000e     rtsv7M4_T_le_v4SPD16_eabi.lib : copy_decompress_none.c.obj (.text:decompress:none:__TI_decompress_none)
                  000009ee    0000000c     tm4c123gh6pm_startup_ccs.obj (.text)
                  000009fa    0000000a     driverlib.lib : uart.obj (.text:UARTCharPut)
                  00000a04    00000006                   : gpio.obj (.text:GPIOPinRead)
                  00000a0a    00000006                   : gpio.obj (.text:GPIOPinWrite)
                  00000a10    00000006                   : sysctl.obj (.text:SysCtlDelay)
                  00000a16    00000004                   : uart.obj (.text:UARTIntClear)
                  00000a1a    00000004     rtsv7M4_T_le_v4SPD16_eabi.lib : pre_init.c.obj (.text:_system_pre_init)
                  00000a1e    00000004                                   : exit.c.obj (.text:abort:abort)

.const     0    00000a24    000000fc     
                  00000a24    00000090     driverlib.lib : gpio.obj (.const:g_pui32GPIOBaseAddrs)
                  00000ab4    0000006c                   : sysctl.obj (.const:g_pui32Xtals)

.cinit     0    00000b20    00000018     
                  00000b20    00000008     (.cinit..data.load) [load image, compression = lzss]
                  00000b28    00000008     (__TI_handler_table)
                  00000b30    00000008     (__TI_cinit_table)

.init_array 
*          0    00000000    00000000     UNINITIALIZED

.data      0    20000200    00000004     UNINITIALIZED
                  20000200    00000004     main.obj (.data)

.stack     0    20000000    00000200     UNINITIALIZED
                  20000000    00000004     rtsv7M4_T_le_v4SPD16_eabi.lib : boot_cortex_m.c.obj (.stack)
                  20000004    000001fc     --HOLE--

__llvm_prf_cnts 
*          0    20000000    00000000     UNINITIALIZED

MODULE SUMMARY

       Module                         code   ro data   rw data
       ------                         ----   -------   -------
    .\
       tm4c123gh6pm_startup_ccs.obj   12     620       0      
       main.obj                       352    0         4      
    +--+------------------------------+------+---------+---------+
       Total:                         364    620       4      
                                                              
    C:/ti/TivaWare_C_Series-2.1.4.178/driverlib/ccs/Debug/driverlib.lib
       sysctl.obj                     574    108       0      
       gpio.obj                       492    144       0      
       uart.obj                       136    0         0      
    +--+------------------------------+------+---------+---------+
       Total:                         1202   252       0      
                                                              
    C:\ti\ccs1031\ccs\tools\compiler\ti-cgt-arm_20.2.5.LTS\lib\rtsv7M4_T_le_v4SPD16_eabi.lib
       memcpy_t2.asm.obj              156    0         0      
       copy_decompress_lzss.c.obj     104    0         0      
       autoinit.c.obj                 68     0         0      
       boot_cortex_m.c.obj            52     0         0      
       copy_decompress_none.c.obj     14     0         0      
       exit.c.obj                     4      0         0      
       pre_init.c.obj                 4      0         0      
    +--+------------------------------+------+---------+---------+
       Total:                         402    0         0      
                                                              
       Stack:                         0      0         512    
       Linker Generated:              0      24        0      
    +--+------------------------------+------+---------+---------+
       Grand Total:                   1968   896       516    


LINKER GENERATED COPY TABLES

__TI_cinit_table @ 00000b30 records: 1, size/record: 8, table size: 8
	.data: load addr=00000b20, load size=00000008 bytes, run addr=20000200, run size=00000004 bytes, compression=lzss


LINKER GENERATED HANDLER TABLE

__TI_handler_table @ 00000b28 records: 2, size/record: 4, table size: 8
	index: 0, handler: __TI_decompress_lzss
	index: 1, handler: __TI_decompress_none


GLOBAL SYMBOLS: SORTED ALPHABETICALLY BY Name 

address   name                          
-------   ----                          
00000a1f  C$$EXIT                       
00000945  GPIODirModeSet                
000003cd  GPIOPadConfigSet              
00000809  GPIOPinConfigure              
00000a05  GPIOPinRead                   
000009bd  GPIOPinTypeGPIOInput          
00000991  GPIOPinTypeGPIOOutput         
000009cf  GPIOPinTypeUART               
00000a0b  GPIOPinWrite                  
000002d5  InitUART                      
00000301  InitUART1                     
00000337  InitUART2                     
000009ef  ResetISR                      
00000501  SysCtlClockGet                
00000611  SysCtlClockSet                
00000a11  SysCtlDelay                   
000008dd  SysCtlPeripheralEnable        
000009fb  UARTCharPut                   
00000851  UARTConfigSetExpClk           
00000971  UARTDisable                   
000009a9  UARTEnable                    
00000a17  UARTIntClear                  
00000361  UARTIntHandler                
20000200  __STACK_END                   
00000200  __STACK_SIZE                  
20000200  __STACK_TOP                   
00000b30  __TI_CINIT_Base               
00000b38  __TI_CINIT_Limit              
00000b28  __TI_Handler_Table_Base       
00000b30  __TI_Handler_Table_Limit      
00000899  __TI_auto_init_nobinit_nopinit
000007a1  __TI_decompress_lzss          
000009e1  __TI_decompress_none          
ffffffff  __TI_pprof_out_hndl           
ffffffff  __TI_prof_data_size           
ffffffff  __TI_prof_data_start          
00000000  __TI_static_base__            
00000705  __aeabi_memcpy                
00000705  __aeabi_memcpy4               
00000705  __aeabi_memcpy8               
ffffffff  __binit__                     
ffffffff  __c_args__                    
UNDEFED   __mpu_init                    
20000000  __stack                       
20000000  __start___llvm_prf_cnts       
20000000  __stop___llvm_prf_cnts        
00000911  _c_int00_noargs               
UNDEFED   _system_post_cinit            
00000a1b  _system_pre_init              
00000a1f  abort                         
ffffffff  binit                         
0000036d  delayMs                       
00000000  g_pfnVectors                  
0000026d  main                          
00000705  memcpy                        
20000200  status2                       


GLOBAL SYMBOLS: SORTED BY Symbol Address 

address   name                          
-------   ----                          
00000000  __TI_static_base__            
00000000  g_pfnVectors                  
00000200  __STACK_SIZE                  
0000026d  main                          
000002d5  InitUART                      
00000301  InitUART1                     
00000337  InitUART2                     
00000361  UARTIntHandler                
0000036d  delayMs                       
000003cd  GPIOPadConfigSet              
00000501  SysCtlClockGet                
00000611  SysCtlClockSet                
00000705  __aeabi_memcpy                
00000705  __aeabi_memcpy4               
00000705  __aeabi_memcpy8               
00000705  memcpy                        
000007a1  __TI_decompress_lzss          
00000809  GPIOPinConfigure              
00000851  UARTConfigSetExpClk           
00000899  __TI_auto_init_nobinit_nopinit
000008dd  SysCtlPeripheralEnable        
00000911  _c_int00_noargs               
00000945  GPIODirModeSet                
00000971  UARTDisable                   
00000991  GPIOPinTypeGPIOOutput         
000009a9  UARTEnable                    
000009bd  GPIOPinTypeGPIOInput          
000009cf  GPIOPinTypeUART               
000009e1  __TI_decompress_none          
000009ef  ResetISR                      
000009fb  UARTCharPut                   
00000a05  GPIOPinRead                   
00000a0b  GPIOPinWrite                  
00000a11  SysCtlDelay                   
00000a17  UARTIntClear                  
00000a1b  _system_pre_init              
00000a1f  C$$EXIT                       
00000a1f  abort                         
00000b28  __TI_Handler_Table_Base       
00000b30  __TI_CINIT_Base               
00000b30  __TI_Handler_Table_Limit      
00000b38  __TI_CINIT_Limit              
20000000  __stack                       
20000000  __start___llvm_prf_cnts       
20000000  __stop___llvm_prf_cnts        
20000200  __STACK_END                   
20000200  __STACK_TOP                   
20000200  status2                       
ffffffff  __TI_pprof_out_hndl           
ffffffff  __TI_prof_data_size           
ffffffff  __TI_prof_data_start          
ffffffff  __binit__                     
ffffffff  __c_args__                    
ffffffff  binit                         
UNDEFED   __mpu_init                    
UNDEFED   _system_post_cinit            

[56 symbols]
